1..2
#> Starting suite suite_with_setup_and_teardown.
ok 1 snprintf
#> Finished suite suite_with_setup_and_teardown (failed 0 of 1).
#> Starting suite another_without_setup.
ok 2 whatever
#> Finished suite another_without_setup (failed 0 of 1).
