1..2
#> Starting suite Default.
not ok 1 errno_value failed
# error: errno.c:46: Expected error 0 (EOK, *****) but got error ***** (*****)
not ok 2 errno_variable failed
# error: errno.c:54: Expected error 0 (EOK, *****) but got error ***** (*****)
#> Finished suite Default (failed 2 of 2).
