1..80
#> Starting suite Default.
ok 1 my_test_001
ok 2 my_test_002
ok 3 my_test_003
ok 4 my_test_004
ok 5 my_test_005
ok 6 my_test_006
ok 7 my_test_007
ok 8 my_test_008
ok 9 my_test_009
ok 10 my_test_010
ok 11 my_test_011
ok 12 my_test_012
ok 13 my_test_013
ok 14 my_test_014
ok 15 my_test_015
ok 16 my_test_016
ok 17 my_test_017
ok 18 my_test_018
ok 19 my_test_019
ok 20 my_test_020
ok 21 my_test_021
ok 22 my_test_022
ok 23 my_test_023
ok 24 my_test_024
ok 25 my_test_025
ok 26 my_test_026
ok 27 my_test_027
ok 28 my_test_028
ok 29 my_test_029
ok 30 my_test_030
ok 31 my_test_031
ok 32 my_test_032
ok 33 my_test_033
ok 34 my_test_034
ok 35 my_test_035
ok 36 my_test_036
ok 37 my_test_037
ok 38 my_test_038
ok 39 my_test_039
ok 40 my_test_040
ok 41 my_test_041
ok 42 my_test_042
ok 43 my_test_043
ok 44 my_test_044
ok 45 my_test_045
ok 46 my_test_046
ok 47 my_test_047
ok 48 my_test_048
ok 49 my_test_049
ok 50 my_test_050
ok 51 my_test_051
ok 52 my_test_052
ok 53 my_test_053
ok 54 my_test_054
ok 55 my_test_055
ok 56 my_test_056
ok 57 my_test_057
ok 58 my_test_058
ok 59 my_test_059
ok 60 my_test_060
ok 61 my_test_061
ok 62 my_test_062
ok 63 my_test_063
ok 64 my_test_064
ok 65 my_test_065
ok 66 my_test_066
ok 67 my_test_067
ok 68 my_test_068
ok 69 my_test_069
ok 70 my_test_070
ok 71 my_test_071
ok 72 my_test_072
ok 73 my_test_073
ok 74 my_test_074
ok 75 my_test_075
ok 76 my_test_076
ok 77 my_test_077
ok 78 my_test_078
ok 79 my_test_079
ok 80 my_test_080
#> Finished suite Default (failed 0 of 80).
