1..2
#> Starting suite Default.
ok 1 normal_test
ok 2 again_normal_test
#> Finished suite Default (failed 0 of 2).
