*****Suite `Default' [1]
*****Test `unreachable' [2]